
> ai-app-compiler-frontend@1.0.0 build
> next build

▲ Next.js 16.2.4 (Turbopack)

  Creating an optimized production build ...
✓ Compiled successfully in 6.4s
  Running TypeScript ...
  Finished TypeScript in 5.8s ...
  Collecting page data using 6 workers ...
  Generating static pages using 6 workers (0/5) ...
  Generating static pages using 6 workers (1/5) 
  Generating static pages using 6 workers (2/5) 
  Generating static pages using 6 workers (3/5) 
✓ Generating static pages using 6 workers (5/5) in 892ms
  Finalizing page optimization ...

Route (app)
┌ ○ /
├ ○ /_not-found
├ ƒ /api/benchmark
└ ƒ /api/compile


○  (Static)   prerendered as static content
ƒ  (Dynamic)  server-rendered on demand

